Composed T5 at attempt 0/2. I could not save `T5_WFRAME_NOTE.md`: both workspace reads and writes failed because the environment’s `bwrap` launcher is unavailable. No repository files were changed.

# T5 — THE \(w\)-FRAME NOTE

## The cross-frame unit and twisted realized residual, stated once

**RCT unit:** S-4-T5-w-frame  
**Composition pass:** attempt 0/2, 2026-08-12  
**Status:** composed candidate; two clean hostile passes owed  
**Frame of record:** T1, LEMMA GAUGE-COCYCLE, with r1–r3  
**Tower supplier:** certified `[GENTOW5-W(i)]`, read with GENTOW5 S12.1 and the dated \(\psi_j^{(\omega_{j-1})}\) corrigendum

This note gives the cross-frame unit one canonical definition and gives \(\psi^{(w)}\) one home. The former per-note riders become instance records below; they are neither independent definitions nor general laws inferred from measurements.

No absorbed statement changes. GENTOW2 and GENTOW5 remain frozen.

## 1. The \(w\)-inclusive canonical frame

At tower level \(i\), fix the T1 data

\[
K_i,\qquad
N_i:=\widehat n_i(u_{i+1}),\qquad
R_{i+1,\beta},
\]

and

\[
\psi_{i+1}(y)
=
y^{f_{i+1}}-\sum_{t<f_{i+1}}c_ty^t
\in K_i[y].
\]

Put

\[
\bar\kappa_i:=\frac{u_{i+1}}{e(\mu_i)}.
\]

### DEFINITION W-FRAME

The cross-frame unit is

\[
\boxed{
w_i:=
R_{i+1,\bar\kappa_i}
\bigl(\widehat n_i(u_{i+1})\bigr)
\in K_i^\times.
}
\tag{WF-w}
\]

For a monic \(P\in K_i[y]\) of degree \(f\), define

\[
\boxed{
P^{(w_i)}(y):=w_i^fP(y/w_i).
}
\tag{WF-twist}
\]

Thus

\[
\boxed{
\psi_{i+1}^{(w_i)}(y)
=
w_i^{f_{i+1}}\psi_{i+1}(y/w_i)
=
y^{f_{i+1}}
-\sum_{t<f_{i+1}}c_tw_i^{f_{i+1}-t}y^t.
}
\tag{WF-psi}
\]

These are T1’s \(w\)-inclusive canonical definitions. “Cross-frame” means that \(w_i\) converts the multiplicative residual frame to the canonical residual frame. It does not identify \(w_i\) with a separately normalized uniformizer avatar.

Unit substitution preserves monicity, degree, irreducibility, nonzero constant term, and irreducible-factor degrees and multiplicities. Turning factor data into a \(p\)-adic splitting type still requires the surrounding tower theorem.

## 2. The single \(w\)-law

For \(t<f_{i+1}\), put

\[
s_t:=f_{i+1}-t,
\qquad
\beta_t:=s_t\bar\kappa_i,
\]

and use T1’s two telescope orientations

\[
\vartheta_{i,s}
=
\operatorname{res}\!\left(
\frac{\widehat n_i(u_{i+1})^s}
     {\widehat n_i(su_{i+1})}
\right),
\qquad
\Theta_i(t):=\vartheta_{i,s_t}^{-1}.
\]

Define

\[
u_i(\beta_t)
:=
R_{i+1,\beta_t}
\bigl(\widehat n_i(s_tu_{i+1})\bigr).
\]

### LEMMA W-FRAME-LAW

At every certified recipe rung \(2\le i<r\),

\[
\boxed{
u_i(\beta_t)
=
\Theta_i(t)w_i^{s_t}
=
\vartheta_{i,s_t}^{-1}w_i^{s_t}
\qquad(t<f_{i+1}).
}
\tag{WF-law}
\]

The suppliers are:

- \(i=2\): LEMMA GENTOW2-B\(^{\prime\prime}\);
- \(3\le i<r\): the certified companion lemma `[GENTOW5-W(i)]`.

At \(i\ge3\), this is read in the cumulative tower context. Locally, the new assertion at rung \(i\) is `[GENTOW5-W(i)]`; the earlier assertions form the ambient induction history. The certified companion closes that induction from the unconditional \(i=2\) rung.

Per-grade fixedness alone does not prove (WF-law). In particular, this note does not revive S11.2’s withdrawn “\(w\)-blind” argument.

No \(i=1\) version is asserted. S11.3 supplies a fixed letter-power unit there, but its identification with the displayed \(w_1\) remains open.

### Realized-residual corollary

The coherent recipe coefficient is

\[
\Gamma_t=c_t\vartheta_{i,s_t}.
\]

Therefore

\[
\Gamma_tu_i(\beta_t)
=
c_t\vartheta_{i,s_t}
\vartheta_{i,s_t}^{-1}w_i^{s_t}
=
c_tw_i^{s_t},
\]

and hence

\[
\boxed{
R_{\nu_i}(\Phi_{i+1})
=
\psi_{i+1}^{(w_i)}
}
\tag{WF-realized}
\]

at every certified rung \(i\ge2\).

T1 supplies the dictionary and cancellation. GENTOW2-B\(^{\prime\prime}\) or `[GENTOW5-W(i)]` supplies the sitewise B-law.

## 3. Instance records and span pins

An instance imports only its pinned display. It does not enlarge the containing theorem or turn a measurement into a symbolic formula.

### I1 — T1 canonical frame

**Span pin:** T1, (C3-B-law), (C3-canonical-read), and (C3-three-reads), read with T1 r2’s A7 re-scope.

T1 supplies

\[
\Gamma_t=c_t\vartheta_{i,s_t},
\qquad
\Theta_i(t)=\vartheta_{i,s_t}^{-1},
\]

and the cancellation leading to (WF-realized). Its supplier fence leaves (WF-law) to GENTOW2 or WI.

### I2 — GENTOW2 symbolic rung

**Span pin:** accepted GENTOW2, LEMMA GENTOW2-B\(^{\prime\prime}\),

\[
u_2(\beta_t)
=
\Theta_2(t)w_2^{f_3-t},
\qquad
w_2
=
R_{3,\bar\kappa_2}
\bigl(\widehat n_2(u_3)\bigr),
\]

together with the terminal rescaling

\[
\psi_3^{(w_2)}(y)=w_2^{f_3}\psi_3(y/w_2).
\]

This is the unconditional base rung.

### I3 — GENTOW2-PE6

**Span pin:** GENTOW2-PE6, the six-prime/four-frame record.

It gives six measured instances with

\[
\boxed{w_2\ne1}
\]

and recorded avatars

\[
z_1,\qquad z_1^2,\qquad z_2^2,\qquad z_2.
\]

These refute a universal \(w=1\) assertion. The avatar expressions remain frame-local measurements; no general avatar formula is inferred.

### I4 — GENTOW5-PE3

**Span pin:** GENTOW5-PE3, the seventh-prime row

\[
\boxed{\psi_3^{(w_2)}(Y)=0.}
\]

This is an evaluation instance of (WF-psi), not another definition of the twist.

### I5 — certified `[GENTOW5-W(i)]`

**Statement pin:** companion note §S1, matching GENTOW5_PROOF S11.2 at `b0e5c648`, lines 1912–1913:

\[
u_i(\beta_t)
=
\theta_i(t)w_i^{f_{i+1}-t},
\qquad
w_i
=
R_{i+1,\bar k_i}
\bigl(\widehat n_i(u_{i+1})\bigr),
\]

where

\[
\theta_i(t)
=
\Theta_i(t)
=
\vartheta_{i,f_{i+1}-t}^{-1}.
\]

The companion certifies this for every permitted \(i\ge3\).

Its LW3 instance records

\[
w_3=1,\qquad
u_3(\beta_1)=1,\qquad
u_3(\beta_0)=2=\theta_3(0)w_3^2,
\qquad
\psi_4^{(w_3)}(Y)=0.
\]

The same frame has

\[
w_{\mathrm{av}}=2\ne w_3.
\]

Thus the avatar is not substituted for (WF-w). LW3 also kills the theta-free formula \(u_i(\beta_t)=w_i^{f_{i+1}-t}\).

## 4. GENTOW5 conditionality and corrected indices

For \(n\ge3\), retain S12.1’s cumulative condition

\[
\mathcal W_{\le n}
:=
\bigwedge_{3\le q\le n}
[\mathrm{GENTOW5-W}(q)].
\]

The certified WI note discharges these conjuncts in its tower range. The proof dependency in frozen GENTOW5 nevertheless remains

\[
\boxed{
\mathcal W_{\le n}
\Longrightarrow (a)@n
\Longrightarrow \mathrm{Corollary\ 6.4}
\Longrightarrow (b)@n
\Longrightarrow \mathrm{S11.1.1/S11.1.3}
\Longrightarrow (c)@n
\Longrightarrow (e)@n
\Longrightarrow\text{the next automatic floor}.
}
\tag{WF-chain}
\]

Consequently:

1. Clause (a)’s realized residual, admissibility, key-polynomial membership, prime/irreducibility certificate, and non-equivalence consume \(\mathcal W_{\le n}\).

2. Clause (b)’s one-sidedness, corrected residual powers, exact values, repo-side residue classes, and \(P\)-membership consume \(\mathcal W_{\le n}\).

3. Clause (c), including sufficiency, deeper-read ascent, fibration, node pins, and the field-floor conclusion, consumes \(\mathcal W_{\le n}\). S11.1.2’s numerical \(\rho\)-ladder remains unconditional floor arithmetic.

4. Clause (e)’s automatic next-floor conclusion consumes \(\mathcal W_{\le n}\). A floor inequality explicitly included in the fixed datum remains independently available.

The clause-(b) residual powers use the corrected index

\[
\boxed{
R_{j-1}(\Phi_{n+1})
=
\bigl(\psi_j^{(\omega_{j-1})}\bigr)^{
l_{j+1}\cdots l_{n+1}}
\qquad(2\le j\le n+1),
}
\tag{WF-index}
\]

where

\[
\omega_1
=
\text{S11.3's fixed letter-power unit for }\psi_2,
\qquad
\omega_2=w_2,
\qquad
\omega_q=w_q\quad(q\ge3).
\]

Thus:

- \(\psi_2\) carries \(\omega_1\);
- \(\psi_3\) carries \(w_2\);
- \(\psi_j\) carries \(w_{j-1}\) for \(j\ge4\).

The top term consumes \(w_n\), never \(w_{n+1}\). The outer \(\psi_1\) leg remains separately accepted.

The \(i=2\) rung is unconditional. The \(i=1\) residual remains S11.3’s fixed-letter-power statement. The unaffected scope listed in S12.1 remains unaffected.

## 5. Honesty ledger

1. Every \(w_i\) and \(\psi_{i+1}^{(w_i)}\) here means (WF-w) and (WF-psi). Riders do not redefine them.

2. (WF-law) is certified for \(i=2\) and every permitted \(i\ge3\). It is not asserted at \(i=1\).

3. Downstream GENTOW5 clauses at \(n\ge3\) retain the dependency \(\mathcal W_{\le n}\). Certification discharges those hypotheses; it does not erase the dependency arrows.

4. Exact values, residue classes, \(P\)-membership, clauses (c) and (e) are not made unconditional by per-grade fixedness. S12.1’s withdrawal governs.

5. Clause (b) uses \(\psi_j^{(\omega_{j-1})}\), not the superseded \(\psi_j^{(\omega_j)}\).

6. The recipe uses \(\vartheta_{i,s}\); the B-law uses its inverse \(\Theta_i(t)\).

7. There is no universal \(w=1\) claim. PE6 already records \(w_2\ne1\) at six primes. What remains open is a structural or closed-form criterion for \(w_i\), including when it equals \(1\).

8. The avatars \(z_1,z_1^2,z_2^2,z_2\) are measured instances. LW3 shows that an avatar can differ from intrinsic \(w_i\).

9. There is no theta-free law. LW3’s \(\theta_3(0)=2\) is a live counterexample.

10. The six PE6 primes, seventh-prime PE3 check, and LW3 are regression records, not exhaustive coverage.

11. Unit twisting preserves factor patterns, not literal coefficients or roots. Splitting conclusions require the tower theorem.

12. No accepted or byte-frozen source is rewritten.

## 6. Open items

**WFRAME OPEN-1 — structural value law.** Find a closed formula or intrinsic criterion for \(w_i\), including a criterion for \(w_i=1\).

**WFRAME OPEN-2 — outer tie.** Identify S11.3’s fixed letter-power unit with the displayed \(w_1\), or retain them as distinct normalizations.

**WFRAME OPEN-3 — avatar bookkeeping.** Determine the exact gap between a uniformizer avatar and the intrinsic read (WF-w). LW3 proves the gap can be nontrivial.

## 7. Hostile arc plan

A repair resets the counter.

### Pass 1 — statement and scope

1. Check (WF-w) and (WF-psi) literally against T1 C3.
2. Check \(i=2\) against GENTOW2-B\(^{\prime\prime}\) and \(i\ge3\) against certified WI; reject any \(i=1\) promotion.
3. Walk every arrow of (WF-chain) against S12.1.
4. Instantiate (WF-index) at \(j=2,3,4,n+1\); the top must use \(w_n\).
5. Reject any universal inference from the avatar or seven-prime records.
6. Lint all \(w=1\), avatar-\(w\), and theta-free claims against PE6 and LW3.

### Pass 2 — independent consumption check

1. Recheck every span pin and record the exact hash or ledger identifier.
2. Verify that T1 supplies only the dictionary/cancellation and that each B-law names its supplier.
3. Check the three boundary regimes: \(i=1\) open tie, \(i=2\) unconditional, \(i\ge3\) certified with cumulative history.
4. Reproduce the measurement census: six PE6 primes/four frames, the PE3 seventh-prime check, and WI run 2’s 60/60 result with run 1 retained.
5. Ensure no conclusion behind S12.1’s chain is labeled unconditional merely because its hypothesis is now certified.
6. Lint for unquoted positive occurrences of the superseded \(\psi_j^{(\omega_j)}\), theta-free power laws, universal \(w=1\), or a general avatar identity.

The acceptance gate is

\[
\boxed{
\text{two consecutive clean hostile passes}
+
\text{all instance span pins verified}.
}
\]

No new arithmetic theorem is required. The new verification surface is the definition, supplier range, cumulative dependency chain, corrected twist index, and instance typing.
