All four annex findings remain defects at HEAD. Each is minor and locally repairable; none changes HEX3.A/B/C or the discharge.

1. REAL — finite-battery scope overclaim

The later appends add deeper fresh-route evidence but do not cure the quoted claim about the sealed 46-row battery, whose maximum is \(N=9\).

Verbatim-ready repair:

> **Correction C (2026-08-12 — RATIFICATION annex item 1: scope of the sealed species battery).** The HEX3-BOX-2/S10 claim that “46 rows × every realized key” means “a ledger error in ANY route would surface as a per-key integer mismatch” is superseded by the following scoped statement: the sealed 46-row battery would surface every ledger error affecting a depth-0 key realized on its roster. It does not test arbitrary depths. Indeed the roster has \(N\le 9\), while the ranges in LEMMA H-1 give
> \[
> \alpha(3):\ 3\cdot3\le N-1\Longrightarrow N\ge10,
> \]
> \[
> \beta_2(k=3):\ 9<u_0\le N-1\Longrightarrow N\ge11,
> \]
> and
> \[
> \beta_3(t=3):\ u_0>9,\quad u_0\equiv3\pmod2
> \Longrightarrow u_0\ge11,\ N\ge12.
> \]
> None of these keys occurs in the sealed roster, so an error confined to such an uninstantiated depth need not produce a sealed per-key mismatch. The all-depth formulas rest on the uniform slot-count and transport proofs in S2–S3; the machine leg confirms those formulas only at the realized keys. No theorem statement, count, or consumer changes.

2. REAL — overdetermined failure diagnosis

Nothing at HEAD corrects P-7’s claim that a new deep LAW failure necessarily implicates H-2/H-3 before H-1.

Verbatim-ready repair:

> **Correction D (2026-08-12 — RATIFICATION annex item 2: deep-row falsifier diagnosis).** The P-7 sentence “a LAW violation on a NEW deep row with the committed-table rows clean refutes the transport lemmas (H-2/H-3) before the partition” is superseded. By S5.1, the law is assembled from both (a) the H-1 depth-0 partition and locus ranges and (b) the H-2/H-3 per-species drain transports. Therefore a first failure at a new depth can come from either component: for example, an omitted or mis-ranged \(\alpha(3)\) or \(\beta_3(t=3)\) locus is an H-1 defect even if every shallower committed row is clean. The correct diagnostic order is: a LAW failure refutes the combined partition/transport/assembly package; then inspect the partition sum and per-key SPECIES data. A locus or partition-sum mismatch points to H-1; a correct locus with a wrong drained count points to the corresponding H-2/H-3 transport; agreement of both directs inspection to the S5 aggregation and reader ties. No theorem statement changes.

3. REAL — correct limit, unsupported attribution

PE7 Correction B asserts the limit “per S5.3,” but S5.3’s upper bound on \(u\) cannot prove that limit. The exact law does.

Verbatim-ready repair:

> **Correction E (2026-08-12 — RATIFICATION annex item 3: proof that the B0ZERO fraction vanishes).** In Correction B, the clause “its fraction \(\to0\) as \(N\to\infty\) per S5.3” is superseded by “its fraction \(\to0\) at fixed \(q\) by the exact S5.2 law, through the positive \(k=1\) \(R\)-tail.” Here is the derivation. Put \(M=N-3\). The tail summand of
> \[
> R(M)=q^{M-1}+\Big\lfloor\frac{M-1}{2}\Big\rfloor(q-1)q^{M-2}
> \]
> contributes to the \(k=1\) term of \(u(N)\) the nonnegative mass
> \[
> \begin{aligned}
> &(q-1)q^3(q^{N-3}-1)
> \Big\lfloor\frac{N-4}{2}\Big\rfloor(q-1)q^{N-5}\\
> &\qquad=
> \Big\lfloor\frac{N-4}{2}\Big\rfloor
> (q-1)^2q^{2N-5}\bigl(1-q^{-(N-3)}\bigr).
> \end{aligned}
> \]
> Consequently
> \[
> \frac{u(N)}{q^{2N-2}}
> \ge
> 1+
> \Big\lfloor\frac{N-4}{2}\Big\rfloor
> \frac{(q-1)^2}{q^3}
> \bigl(1-q^{-(N-3)}\bigr),
> \]
> whose right-hand side tends to \(+\infty\) for fixed \(q\). Hence the B0ZERO share satisfies
> \[
> \frac{q^{2N-2}}{u(N)}
> \le
> \left[
> 1+
> \Big\lfloor\frac{N-4}{2}\Big\rfloor
> \frac{(q-1)^2}{q^3}
> \bigl(1-q^{-(N-3)}\bigr)
> \right]^{-1}
> \longrightarrow0.
> \]
> S5.3’s upper bound is compatible with this conclusion but does not by itself prove it. The crossover values and all theorem statements remain unchanged.

4. REAL — joint-polynomial terminology defect

The correct fixed-\(N\) formulation in HEX3.A does not cure S5.4’s later statement that the law is polynomial “in \((q,N)\).”

Verbatim-ready repair:

> **Correction F (2026-08-12 — RATIFICATION annex item 4: polynomial terminology).** The S5.4 sentence “So \(u(q,N)\) is one polynomial law in \((q,N)\)” is superseded by:
>
> > “Thus \(u(q,N)\) depends only on the pair \((q,N)\), independently of the characteristic and of the DVR realizing \(\mathbf F_q\); for each fixed \(N\), it is a polynomial in \(q\), exactly as stated in THEOREM HEX3.A.”
>
> This follows from the universal pinned-digit counts and digit bijections in S2–S5. It is not a claim of joint polynomiality: the summation range \(\lfloor(N-1)/3\rfloor\), the coefficient \(\lfloor(M-1)/2\rfloor\), and exponents such as \(q^N\) depend non-polynomially on \(N\). COROLLARY HEX3.C requires only dependence on \((q,N)\), not joint polynomiality, so its conclusion is unaffected.

SUMMARY: 4 REAL (repairs delivered) / 0 RESOLVED-ALREADY / 0 ARTIFACT / 0 OBSTRUCTED
