1. REAL. The dated acceptance append corrects the \(-q\) twist sign, but it does not repair the unnormalized coefficient residues in HE6-0″. Append:

> **Dated correction (2026-08-12, post-acceptance challenge F-1 — normalized slot coefficients in LEMMA HE6-0″).** The displayed definition
>
> \[
> \gamma=\sum_t\operatorname{res}(a_{i_0+e_1t})\eta_\theta^t
> \]
>
> omitted the coefficient normalizers. Let \(k:=dv(A)\), let \(i=i(k)\) be the unique integer \(0\le i<e_1\) satisfying \(ih\equiv k\pmod{e_1}\), and put
>
> \[
> n(k):=x^i\pi^{(k-ih)/e_1}.
> \]
>
> Read the slot residue in LEMMA HE6-0″ as
>
> \[
> \gamma_k(A):=
> \sum_{\substack{t\ge0\\i+e_1t<D'}}
> \operatorname{res}\!\left(
> a_{i+e_1t}\pi^{-(k-(i+e_1t)h)/e_1}
> \right)\eta_\theta^t\in K,
> \]
>
> where a coefficient whose pin lies strictly above height \(k\) contributes zero. Indeed, for \(j=i+e_1t\),
>
> \[
> \frac{a_j\xi^j}{n(k)(\xi)}
> =
> \left(a_j\pi^{-(k-jh)/e_1}\right)
> \left(\xi^{e_1}\pi^{-h}\right)^t,
> \]
>
> while every index outside the class \(i\bmod e_1\) has strictly larger value and vanishes after reduction. Hence
>
> \[
> \operatorname{res}\!\left(\frac{A(\xi)}{n(k)(\xi)}\right)
> =\iota_\xi(\gamma_k(A)).
> \]
>
> Since the RIDER gives
>
> \[
> \operatorname{res}\!\left(\frac{n(k)(\xi)}{\varpi(\xi)^k}\right)
> =\eta_\xi^{-q(k)},
> \]
>
> the corrected conclusion of LEMMA HE6-0″ is
>
> \[
> \operatorname{res}\!\left(\frac{A(\xi)}{\varpi(\xi)^k}\right)
> =\iota_\xi(\gamma_k(A))\,\eta_\xi^{-q(k)}.
> \]
>
> At \(\xi=\theta\), this is precisely the \(\varpi\)-read residue used to choose each \(B_t\); therefore at an arbitrary \((T1)/(T2)\) point it transports to its \(\iota_\xi\)-image. Thus the residue computations in LEMMA HE6-1, LEMMA HE6-2 and LEMMA HE6-2′ remain valid with this corrected formula. No theorem statement is weakened.

2. REAL. The proof cannot eliminate a zero-slope side from \(c_0=0\), but its other derived equality supplies the missing argument. Append:

> **Dated correction (2026-08-12, post-acceptance challenge F-2 — completion of LEMMA HE6-3(a)).** In the proof of LEMMA HE6-3(a), replace the inference
>
> > “\(c_0=0\); as all slopes are \(>0\) this gives \(L_\lambda=0\) for every \(\lambda\le D'h\)”
>
> by the following length argument. Sampling \(\kappa\in(D'h,\lambda_1)\) gives both
>
> \[
> \sum_i c_{\lambda_i}=0
> \qquad\text{and}\qquad
> c_0=0.
> \]
>
> Every root label satisfies \(\lambda_\rho>D'h\) by LEMMA HE6-0 and HE3-0, and \(f\) is separable of degree \(D'\mu\); hence
>
> \[
> \sum_{\lambda>D'h}n_\lambda=D'\mu.
> \]
>
> Because \(A_0\ne0\), the polygon runs from abscissa \(0\) to \(\mu\), so
>
> \[
> \sum_\lambda L_\lambda=\mu.
> \]
>
> Writing \(B:=\sum_{\lambda\le D'h}L_\lambda\), the already obtained coefficient equation becomes
>
> \[
> 0=\sum_i c_{\lambda_i}
> =\sum_{\lambda>D'h}n_\lambda
>   -D'\sum_{\lambda>D'h}L_\lambda
> =D'\mu-D'(\mu-B)=D'B.
> \]
>
> Thus \(B=0\). Since every \(L_\lambda\) is a nonnegative horizontal length,
>
> \[
> L_\lambda=0\qquad(\lambda\le D'h).
> \]
>
> This proves LEMMA HE6-3(a) without assuming that polygon slopes are strictly positive. Part (b) and all consumers are unchanged.

3. REAL. The divisibility argument establishes necessity, not sufficiency. Append:

> **Dated correction (2026-08-12, post-acceptance challenge F-3 — equality slots in LEMMA HE6-0).** In §S3.1, read
>
> > “with equality exactly at the slots \(i=e_1t\)”
>
> as
>
> > “with equality possible only at the slots \(i=e_1t\).”
>
> Indeed,
>
> \[
> e_1v(a_i)+ih=D'h
> \quad\Longrightarrow\quad
> e_1\mid(D'-i)h
> \quad\Longrightarrow\quad
> e_1\mid i,
> \]
>
> using \(\gcd(h,e_1)=1\) and \(e_1\mid D'\). The converse need not hold: a slot \(i=e_1t\) may lie strictly above the line. The following residual-polynomial display already handles this correctly, because then
>
> \[
> v\!\left(a_{e_1t}\pi^{-(f_1-t)h}\right)>0
> \]
>
> and its residue is zero. Therefore
>
> \[
> \operatorname{res}\!\left(\Phi'(\xi)/\pi^{f_1h}\right)=\psi(\eta_\xi)
> \]
>
> and the remainder of the disk-criterion proof are unchanged.

4. REAL. This directly contradicts the earlier `[r1, R7/F8]` convention that \(\varpi\in K_0[x]\), possibly not \(O[x]\). Append:

> **Dated correction (2026-08-12, post-acceptance challenge F-4 — coefficient ring of \(\varpi\) in LEMMA HE6-5).** In §S6.1, read
>
> > “All of \(\Phi',\varpi\in O[x]\) have \(g\)-fixed coefficients”
>
> as
>
> > “The polynomial \(\Phi'\in O[x]\) and the normalizer \(\varpi\in K_0[x]\) both have \(g\)-fixed coefficients.”
>
> This follows because \(g\in\operatorname{Gal}(\overline K_0/K_0)\) fixes every coefficient in \(K_0\). Consequently
>
> \[
> \Phi'(g\rho)=g(\Phi'(\rho)),
> \qquad
> \varpi(g\rho)=g(\varpi(\rho)),
> \]
>
> exactly as required by the remainder of the proof. No integrality of the coefficients of \(\varpi\) is used.

SUMMARY: 4 REAL (repairs delivered) / 0 RESOLVED-ALREADY / 0 ARTIFACT / 0 OBSTRUCTED
