All five findings remain live at HEAD. The post-PE3 append corrects only §S1(iii)’s starved-corner parenthetical and explicitly says the body remains byte-frozen; it cures none of these defects.

### 1. REAL — HE3-5 overclaims the window bound

HE3-5 proves a criterion for one residual-multiplicity consultation. It does not bound the depth of subsequent stage-α refinements. The claims “one more window unit,” “exact answer,” and the general interpretation of HE-BND therefore remain false.

Transcription-ready repair:

```markdown
### Dated correction (2026-08-12, post-R8) — R8-1: HE3-5 is recursive, not a one-unit bound

The first displayed criterion of LEMMA HE3-5 decides ONE consultation:
whether the multiplicity of a residual root at the current node is
lift-stable. It is not by itself a stopping bound for the complete
stage-α history. Correct the introductory phrase “has an exact answer”
to mean the following recursive answer.

At every node ν of a proposed read history, let c_ν be that node's
dv-cap and let b_{ν,j} be the known supporting-line height at every
consulted abscissa j. The history is DECIDED exactly when:

1. every terminal residual polynomial is separable; and
2. at every nonterminal node ν, every recentered value consulted there
   is either read exactly below c_ν, or is known only to be ≥ c_ν but
   satisfies c_ν > b_{ν,j}, so that the required strict inequality
   above the supporting line is nevertheless certified.

Proof. At one node this is exactly LEMMA HE3-2(b) plus GENHN-3(a), as
proved in HE3-5. If the residual is terminal, nothing further is
consulted. If it triggers a stage-α or stage-CS child, apply the same
criterion to that child's recentered development. Induction on the
finite read history gives necessity and sufficiency. ∎

Consequently, replace the three bullets following HE3-5 by:

* for a side spanning the whole current polygon, e₁N > μλ certifies
  the INITIAL residual multiplicities at that node;
* this decides the leaf only when those residuals are terminal;
  a repeated residual root can require arbitrarily many further window
  units, according to the heights reached by its descendants;
* the σ-undecided mass is therefore obtained by stratifying by complete
  read histories and their deepest consulted heights. No single
  “one more window unit” law, nor one unstratified exact q-power,
  follows from HE3-5.

The absence of a uniform additive bound is concrete. Over O = ℤ₅ take
e₁ = 1, f₁ = 2, D′ = 2, h = 1, λ = 3, a height-3 carrier C with
res(C(θ)/n(3)(θ)) = s, and M > 9. Put

    f = (Φ′ − C)³ + 5^M.

Its Φ′-resolvent has pins on the slope-3 line and residual
(Z − s)³, so the first consultation is ALPHA. After the recentering
Φ″ = Φ′ − C, however,

    f = Φ″³ + 5^M,

and the next polygon reaches height M. Certifying that child can require
a cap beyond M, arbitrarily far past the initial threshold μλ = 9.
Thus the former “one more window unit” sentence is false.

Accordingly, §S9's HE-BND table is evidence for the selected aligned
rows only: it is consistent with the local cap criterion and exhibits
a two-step profile in those rows, but it does not verify a general
two-step boundary law.
```

### 2. REAL — branch (i) is not repaired in the body

The contradiction is explicit: §S1 reserves only ramified branch (ii), while §S6.2 says “BOTH are stated too cheaply” and boxes both. Branch (i) can, however, be repaired from the note’s Hensel splitting and rational peel by summing over every split stage component.

Transcription-ready repair:

```markdown
### Dated correction (2026-08-12, post-R8) — R8-2: the unramified branch is repaired by split-component summation

The assertion in §S6.2 that BOTH base-change branches remain boxed is
superseded for branch (i). Only the ramified branch (ii) remains in
HE3-BOX-6.

> LEMMA HE3-4U (unramified split-sum). Let λ be an integer slope and
> let r ∈ K[Z] be a separable irreducible factor of R_λ of degree d.
> Then |S_r| = D′d.

Proof. Choose m divisible by d (and by the degrees of the other
residual factors under simultaneous use), large enough that the new
residue field has more than μ nonzero letters, and put c := f₁m.
Let O₁/O be the unramified extension of degree c. Since f₁ | c, its
residue field F_{Q^c} contains K = F_{Q^{f₁}}, and Φ′ factors over O₁
into exactly f₁ conjugate keys

    Φ′ = ∏_{a=1}^{f₁} Φ′_a,

each of degree e₁ and with stage invariants (e₁,1). Hensel, equivalently
the imported sibling splitting of GENIND-3, splits the opening block of
f into the corresponding f₁ blocks of degree e₁μ.

For the a-th component the coherent residual is the image of R_λ under
the associated embedding K → F_{Q^c}. The relative residue extension
has degree c/f₁ = m, so the image of r splits into d distinct linear
factors. The integer-slope rational peel, now applied with stage degree
D′_a = e₁, assigns exactly e₁ roots to each of those d linear factors.
Thus the a-th component contributes e₁d roots, and summing over all
f₁ components gives

    |S_r| = f₁·e₁·d = D′d.

The union just counted is exactly S_r: on component a the fixed
K-polynomial r is read through that component's residue embedding, and
LEMMA HE3-6 shows that these conjugate componentwise classes assemble
to the original Galois-stable label class. No claim that a single split
key still contributes D′ roots is used. ∎

Therefore §S6.2 branch (i) is proved, not boxed. The phrase “both
branches below are therefore to be read as BOXED” is corrected to
“branch (ii) alone is BOXED.” COROLLARY HE3.B's single μ ≥ 4
reservation is consequently again accurate: it is the ramified
fractional-slope branch of HE3-BOX-6.
```

### 3. REAL — the degree bound omits \(D'=1\)

Nothing at HEAD states that an ambient composite-stage genre has \(D'\ge2\). The inner inequality \(e'_1f'_1\ge2\) in the stage-CS step does not imply it. The advertised \(n\le7\) range can nevertheless be preserved by handling \(D'=1\) directly.

Transcription-ready repair:

```markdown
### Dated correction (2026-08-12, post-R8) — R8-3: the D′ = 1 case is direct

The implication “μ ≥ 4, i.e. n ≥ D′μ ≥ 8” requires a case split; an
ambient genre has not been assumed to satisfy D′ ≥ 2.

> LEMMA HE3-4D1 (the linear-key case). If D′ = 1, THEOREM HE3.A holds
> for every μ without either base-change branch of HE3-4.

Proof. D′ = e₁f₁ = 1 forces e₁ = f₁ = 1 and Φ′ = x − a for some
a ∈ O. Since deg A_j < D′, every A_j is a constant, and translation
gives the identity

    f(a + Y) = Y^μ + Σ_{j<μ} A_jY^j = F(Y)

over the original complete DVR O. Thus the stage read is literally the
ordinary degree-μ Newton/Hensel read of f after a translation, rather
than a proxy whose coefficients must be compared at θ and at roots ρ.

At a terminal side λ = u/ℓ with a separable irreducible residual factor
r of degree d, the classical Newton-polygon and Hensel read produces
the corresponding factor of degree ℓd. Its roots have ramification
index divisible by ℓ and residue degree divisible by d; since their
product is the factor degree ℓd, the invariants are exactly (ℓ,d).
Repeated residual factors are handled by the recursively recentered
read, and termination with separable terminal residuals is precisely
DEFINITION 2. Translation preserves irreducibility and the invariants
(e,f), proving HE3.A. ∎

Hence the fractional-side configuration at D′ = 1 is unconditional,
including the displayed quartic example. The unresolved ramified
base-change branch can occur only after excluding this direct case,
so there D′ ≥ 2; together with μ ≥ 4 this gives

    n = D′μ ≥ 2·4 = 8.

Therefore the advertised unconditional range n ≤ 7 survives, now with
the missing derivation displayed.
```

### 4. REAL — \(S_r\) uses \(n(\lambda)\) at fractional height

The parenthetical “see the proof” does not make the displayed set well-defined.

Transcription-ready repair:

```markdown
### Dated correction (2026-08-12, post-R8) — R8-4: piecewise definition of ramified label classes

In LEMMA HE3-4 replace the displayed definition of S_r by the following
definition. Write y_ρ := Φ′(ρ), λ = u/ℓ in lowest terms, and

    β_ρ :=
      res(y_ρ / n(λ)(ρ))          if ℓ = 1,
      res(y_ρ^ℓ / n(u)(ρ))        if ℓ ≥ 2.

Then

    S_r := { ρ : dv(y_ρ) = λ and ι_ρ(r)(β_ρ) = 0 },

where ι_ρ : K → k̄ is the embedding η_θ ↦ η_ρ from LEMMA HE3-0.

Both quotients displayed above have dv-value zero in their respective
cases: for ℓ ≥ 2, dv(y_ρ^ℓ) = ℓλ = u = dv(n(u)(ρ)).
Thus β_ρ exists, and this definition is exactly the repaired root read
of HE3-0(iii). All later occurrences S_{Z−s} lie in the integer-slope
case and are unchanged.
```

### 5. REAL — HE3-0 retains the superseded GENHN-2 citation

This directly contradicts §S0’s `[r1, F4]`, which restricts GENHN-2 to roots of \(\Phi'\) and routes arbitrary \((T1)/(T2)\) points through HE6-0″.

Transcription-ready repair:

```markdown
### Dated correction (2026-08-12, post-R8) — R8-5: HE3-0 provenance correction

In the proof sketch of LEMMA HE3-0 replace

“(i)/(ii): the SLOT LEMMA (GENHN-2) is stated for any ξ with
(T1)/(T2)”

by:

“(i)/(ii): at θ use GENHN-2; at the root ρ use LEMMA HE6-0″, because
ρ satisfies (T1)/(T2). HE6-0″ re-runs the slot argument at an arbitrary
(T1)/(T2) point and gives

    dv(A_j(ρ)) = min_i(e₁v(a_{j,i}) + ih) = dv(A_j(θ)),

together with the same universal residue polynomial in η_ρ. Reading
the two sides with DEFINITION 1's matching coherent normalizers sends
the stage residual through the F_Q-embedding
ι_ρ : K → k̄, η_θ ↦ η_ρ. Hence the residual polynomials at ρ are the
images of the coherent stage residuals and have the asserted
factorization type.”

This is a provenance correction only: the required ξ-form lemma was
already consumed at §S0 [r1, F4], but the HE3-0 proof sentence had not
been updated to cite it.
```

No accepted display of THEOREM HE3.A or COROLLAR HE3.B is weakened: R8-2 proves the unramified branch, R8-3 closes \(D'=1\), and only the already-declared ramified branch remains conditional.

SUMMARY: 5 REAL (repairs delivered) / 0 RESOLVED-ALREADY / 0 ARTIFACT / 0 OBSTRUCTED
