Adjudication: F-1, F-2, and F-4 are REAL. F-3 is RESOLVED-ALREADY by the acceptance record’s own scope qualifier and the theorem’s explicit clause-level perimeter. No finding is obstructed.

### F-1 — REAL

The frozen theorem asserts a single transport object, but the proof constructs only five heterogeneously typed faces. “ONE” cannot mean uniqueness—the character twist \(\widetilde E\mapsto\widetilde E\eta\) disproves that—and no common map with cross-face compatibility is constructed.

The honest consumed scope is a five-field anchored transport package. The face table proves that package by record assembly.

Verbatim-ready append:

> **[ANNEX 2026-08-12, correction C6 F-1 — WELD-M re-displayed at its proved-and-consumed package scope.]** The frozen S1 wording “there is ONE transport \(\mathbb T\) … with five clauses” is stronger than its citation-table proof: the five cited faces have different source/target types, and the table supplies no additional theorem asserting that they are restrictions of a single map. The accepted live display is therefore:
>
> **THEOREM WELD-M-PKG (the anchored five-face transport package).** For every tower \(T\) on the frozen S1 perimeter, there exists one named package
> \[
> \mathbf T_T=(\mathbf T_{M0},\mathbf T_{M1},\mathbf T_{M2},
>              \mathbf T_{M3},\mathbf T_{M4})
> \]
> whose fields are exactly the frozen clauses:
>
> \[
> \begin{array}{ll}
> \mathbf T_{M0}:&\text{the identity of the two canonical division chains;}\\
> \mathbf T_{M1}:&w_m=v_{m+1}\text{ and the affine shear }
>                  \Sigma_q(i,u)=(i,e_qu+h_qi),\\
>                &\text{with the frozen vertex, slope, key and membership fences;}\\
> \mathbf T_{M2}:&\text{the per-slot read/operator character transport generated by }
>                  t_j/\varepsilon_j,\\
>                &\text{with exact recursion off the scalar perimeter;}\\
> \mathbf T_{M3}:&\text{the multiplication transport to }
>                  K^c[\mathbb Z/E]\text{ on the scored stratum;}\\
> \mathbf T_{M4}:&\text{the representative/lift covariance field at W2-C3’s
>                  accepted fenced scope.}
> \end{array}
> \]
>
> The shared anchors and identifications are precisely those displayed in the frozen face table: the same tower and canonical division chain, \(w_m=v_{m+1}\), the \(t_j/\varepsilon_j\) seed, harness-val \(=\) TC-read, and the displayed \(\psi\)-transport. No compatibility beyond those displayed ties is asserted.
>
> **RECORD-ASSEMBLY LEMMA.** If, for fixed \(T\), the supplier theorems prove the five field propositions \(P_{M0}(T),\ldots,P_{M4}(T)\), then they prove
> \[
> P_{M0}(T)\times P_{M1}(T)\times P_{M2}(T)\times
> P_{M3}(T)\times P_{M4}(T).
> \]
> **Proof.** Choose the five cited witnesses and apply the product/record constructor. The frozen face table supplies exactly those five witnesses, at its displayed per-field perimeters. \(\square\)
>
> Thus “one” means one named five-field package, not uniqueness and not a further unproved common-map coherence theorem. In particular, if \(\eta:\mathbb Z/E\to K^\ast\) is a character, replacing a gauge \(\widetilde E\) by \(\widetilde E\eta\) may produce a different package with the same \(M3\) coboundary; WELD-M-PKG asserts existence only.
>
> **Consumer sweep.**
>
> 1. The frozen S1 face table survives verbatim: each row constructs the correspondingly named package field.
> 2. S6/WM1 survives when read as “WELD-M-PKG, fields (M0)–(M4), proved by citation.”
> 3. The S6 dependency line survives: the four junction notes supply the five package fields.
> 4. The acceptance record’s “THEOREM WELD-M” is henceforth the accepted package theorem above; no uniqueness or extra coherence is part of that acceptance.
> 5. The 2026-08-08 O-1 annex survives because it updates only the \(M4\) field’s W2-C3 scope.
> 6. DULEMMA’s disclosed consumption survives because it uses only the \(M3\) field and supplies its own DU-A/DU-B argument.
> 7. No executed consumer disclosed in this note uses a cross-face compatibility theorem; \(M0\), \(M1\), and \(M2\) have no separately identified executed downstream consumption.

### F-2 — REAL

PE10’s \(H^1=0\) uniqueness claim is false for the ordinary trivial coefficient action. Nothing in either dated annex repairs it. This affects only the certification narrative, not WM-CLASS’s proved existence/class identity.

Verbatim-ready append:

> **[ANNEX 2026-08-12, correction C6 F-2 — withdrawal of PE10’s \(H^1=0\) uniqueness gloss.]** In the 2026-08-07 ACCEPTANCE RECORD, the phrase
>
> “the DIRECT-\(H^2\)/bar-resolution route proving \(\widetilde E\) is THE canonical gauge — constructed from the cocycle alone and forced by \(H^1=0\) uniqueness”
>
> is withdrawn and replaced by:
>
> “the DIRECT-\(H^2\)/bar-resolution route independently re-verifying the WM-CLASS cohomology-class identity; the displayed gauge is the explicit section gauge \(\widetilde E=E\circ\sigma\), determined relative to the already fixed weld cochain \(E\) and minimal-window section \(\sigma\), with no uniqueness-from-\(H^1\) claim.”
>
> **Derivation of the correction.** With the trivial action on \(K^\ast\),
> \[
> H^1(\mathbb Z/E,K^\ast)
>   =\operatorname{Hom}(\mathbb Z/E,K^\ast)
>   =\mu_E(K),
> \]
> which need not vanish. If \(F\) and \(G\) are two gauges with
> \(\partial F=\partial G\), put \(\eta=F/G\). Then
> \[
> 1=\frac{\partial F}{\partial G}
>   =\partial\eta,\qquad
> \frac{\eta(\nu)\eta(\nu')}{\eta(\nu+\nu')}=1,
> \]
> so \(\eta\) is a character. Conversely, for every character \(\eta\),
> \[
> \partial(F\eta)=(\partial F)(\partial\eta)=\partial F.
> \]
> Hence gauges with a fixed coboundary form a torsor under
> \(\operatorname{Hom}(\mathbb Z/E,K^\ast)\), rather than being unique. For
> \(E=2\) and \(K=\mathbf F_5\), the character
> \(\eta(\nu)=(-1)^\nu\) is already a nontrivial witness.
>
> WM-CLASS itself is unchanged: its proof uses the explicitly defined
> \(\widetilde E=E\circ\sigma\), WM-RHO, and
> \[
> \partial\widetilde E=\partial E\cdot\rho_T^\kappa,
> \]
> and requires neither reconstruction from \(c\) alone nor uniqueness.
>
> **Consumer sweep.** WM-CLASS’s display and S6/WM6 survive unchanged.
> DULEMMA’s use of the coboundary identity survives unchanged. WELD-M-PKG’s
> \(M3\) field asserts no gauge uniqueness. PE10’s corrected route remains
> an independent verification of the class identity only.

### F-3 — RESOLVED-ALREADY

The isolated shorthand is poor, but HEAD expressly prevents it from granting unconditional scope to clause (iii).

The exact cure occurs in the same dated acceptance paragraph:

> “the weld’s consolidation, **at its displayed conditionality**”

The displayed conditionality is unambiguous:

> “**(iii) [composite display — adds the [ILN]† VALUE LAW, scored stratum].**”

and S6 repeats:

> “WM4 | WM-COB(iii) \(c_{n+1}=\bar z^\delta\cdot\partial E\) | **PROVED on the scored stratum**”

The 2026-08-08 O-2 annex additionally records DULEMMA’s consumed perimeter as:

> “the measured perimeter (**[ILN]† scored stratum**, \(m\ge1\), \(e_m\ge2\)) … off-stratum pairs open”

Thus “WM-COB proved unconditional” is globally qualified by “at its displayed conditionality”: clauses (i)–(ii) are arbitrary-pair identities, while clause (iii) remains scored-stratum-only. It supplies no off-stratum downstream grant.

### F-4 — REAL

WM-FENCE proves a criterion for fixed data, not freedom to alter the data until the criterion holds. The phrase “WM-FENCE’s (F-b)-freedom observation” therefore misattributes any required existence or variation theorem. The “through J-D0” qualification limits the blast radius but does not cure the attribution.

Verbatim-ready append:

> **[ANNEX 2026-08-12, correction C6 F-4 — J-D consumes an F-b criterion, not freedom supplied by WM-FENCE.]** The frozen S6 downstream-design clause
>
> “the J-D block … consumes WM-FENCE’s (F-b)-freedom observation only through the already-adjudicated (J-D0) route”
>
> is replaced by:
>
> “the J-D block (J-D0 \(\to\) W-10 at the \((2,1,1)\) shape \(\to\) W-11) may consume WM-FENCE only as the fixed-data (F-b) character-triviality criterion, and only through the already-adjudicated J-D0 route. WM-FENCE supplies no freedom or existence theorem for varying \(z_\mu\), \(A_\mu\), the attained set, or the representative. Any such choice or variation required by J-D must be proved by J-D0 independently.”
>
> **Derivation.** For the fixed data, WM-FENCE proves exactly
> \[
> \chi_i^{(\mu)}=1\ \forall i\in\mathbb Z
> \iff \operatorname{ord}(z_\mu)\mid A_\mu
> \]
> in the absolute form, and
> \[
> \chi_i^{(\mu)}=1\ \forall i\in e_\mu\mathbb Z
> \iff \operatorname{ord}(z_\mu)\mid e_\mu A_\mu
> \]
> in the slot-grid form. Neither display contains an existential
> quantifier over the fixed inputs. For example, with
> \(K_\mu=\mathbf F_5\), \(z_\mu=2\), \(\operatorname{ord}(z_\mu)=4\),
> \(A_\mu=1\), and attained set containing \(1\),
> \[
> \chi^{(\mu)}_1=2^{-1}\ne1,
> \]
> so absolute PERIM fails, and WM-FENCE specifies no operation that changes
> this datum.
>
> **Consumer sweep.** WM-FENCE(a), (b), and (c), including the
> root-inclusive repair and the \(\chi\)-chain/mod-wrap caveats, survive
> unchanged. The correction touches only the unexecuted S6 J-D design
> sentence. No executed downstream consumption identified at HEAD relies
> on an WM-FENCE freedom theorem. A future J-D proof must cite J-D0 for any
> required existence or variation and WM-FENCE only to test the resulting
> character-triviality condition.

SUMMARY: 3 REAL (repairs delivered) / 1 RESOLVED-ALREADY / 0 ARTIFACT / 0 OBSTRUCTED
