1. **GAP**

> “Successive reduction by the tower relations expresses \(\rho_i\) as a monomial in preceding canonical letters.”

The stated carrier does not impose the unit normalization needed for this arbitrary-depth conclusion. Exact height and \(\widehat n_i(0)=1\) do not control the residue-unit part of \(\widehat n_i(u_{i+1})\).

Counter-configuration: at some \(i\ge2\), choose \(\alpha\in K_i^\times\) outside the subgroup generated by preceding canonical letters and replace only the positive-height normalizer by
\[
\widehat n_i(u_{i+1})'=\widetilde\alpha\,\widehat n_i(u_{i+1}).
\]
It retains exact height and leaves \(\widehat n_i(0)=1\), but changes \(\rho_i\) to \(\alpha\rho_i\), which need not be a canonical-letter monomial. The proof’s appeal to “coprimality” supplies no missing higher-level unit normalization; only \(\gcd(e_1,h)=1\) is stated.

2. **GAP**

> “If \(H(y)\) is the harness residual and \(P(y)\) the normalized print residual, the corresponding support statement is
> \[
> H(y)=y^\nu Q(y),
> \qquad
> P(y)=aQ(by).
> \]”

Nothing in the preceding attained-origin calculation implies these whole-polynomial identities. That calculation relates one exponent factor; no definition or hypothesis connects all coefficients of \(H\) and \(P\). Section 2.4 merely derives support consequences after assuming the identities.

Counter-configuration: over \(\mathbf F_5\), take \(e=2,\ell=1,\beta=0,\nu=1,z=2\). Then \(s_{\min}=t_{\min}=0\), \(s_{\rm act}=2\), and \(t_{\rm Def}=1\), so the entire origin bridge holds. Choose
\[
P(y)=1+y,\qquad H(y)=y+y^3.
\]
Then
\[
\operatorname{Supp}(H)=\{1,3\}
\ne
1+\operatorname{Supp}(P)=\{1,2\}.
\]
Thus the support conclusion does not follow from the stated origin data.

3. **GAP**

> “\[
> \operatorname{res}\!\left(
> \frac{L_M(\lambda)(\theta)}
> {n(M)(\theta)}
> \right)
> =
> \lambda.
> \]”

The statement never introduces \(\theta\) or specifies the residue embedding identifying its residual letter with the fixed \(\eta\). This contrasts with (C5), which explicitly requires a tower point \(\xi\) carrying an embedding \(\iota_\xi\).

Counter-configuration: take \(e_1=h=1\), \(f_1=2\), \(K_1=\mathbf F_{q^2}=\mathbf F_q(\eta)\), \(M=3>2=D'h\), and \(\lambda=\eta\). Then
\[
L_3(\eta)=x\pi^2,\qquad n(3)=\pi^3.
\]
At a point \(\theta\) satisfying
\[
\operatorname{res}(\theta/\pi)=\eta^q\ne\eta,
\]
the displayed left side is \(\eta^q\), not \(\lambda=\eta\). All height conditions remain satisfied; the missing embedding condition is exactly what distinguishes the two reads.

4. **CRITICAL**

> “If the tower additionally has
> \[
> u_2>e_2D'h,
> \]
> every monomial in this lift, after multiplication by a monomial of \(\Phi'^{e_2t}\), clears the outer side by at least
> \[
> \frac{r(u_2-e_2D'h)}{e_1}>0.
> \]”

Neither \(\Phi'\), its monomial valuations, nor the “outer side” is defined in the carrier. No hypothesis relates any of them to \(u_2,e_2,D',h\). The proof supplies no derivation, saying only:

> “The corrected-key and clearance applications are then the substitutions stated in (C6).”

Counter-configuration: take
\[
e_1=f_1=h=e_2=r=t=1,\qquad D'=1,\qquad u_2=2.
\]
Then \(L_2(1)=\pi^2\), and the claimed lower bound is \(1\). Because no restriction on \(\Phi'\) is stated, let a monomial of \(\Phi'\) have coefficient \(\pi^{-4}\). The resulting product monomial has coefficient \(\pi^{-2}\), arbitrarily below the asserted positive clearance. Identical C1–C6 data therefore admit opposite clearance behavior. This unsupported bound is subsequently advertised to annex consumers.

5. **MINOR**

> “At a print level write
> \[
> s_{\min}(\beta)=\ell\beta\bmod e,
> \qquad
> t_{\min}(\beta)=
> \frac{\ell\beta-s_{\min}(\beta)}e.
> \]”

The clause never types \(e,\ell,\beta\), specifies \(e>0\), or fixes the representative convention for “mod \(e\).” Consequently the asserted integer exponent need not be defined from the written hypotheses.

Counter-configuration: take \(e=2,\ell=1,\beta=\tfrac12\). Then “\(\ell\beta\bmod e\)” is not an integer residue-class representative of the kind needed for \(t_{\min}\), and the subsequent powers of \(z\) do not have guaranteed integral exponents.

VERDICT: FINDINGS | FINDINGS: 1C + 3G + 1m
