# T5 r1 — Scope repair

Apply the following replacements. All unlisted text remains unchanged.

## 1. Replace the composition metadata

```markdown
**Composition pass:** r1, attempt 0/2, 2026-08-12  
**Status:** repaired candidate; two clean hostile passes owed  
**Frame of record:** T1, LEMMA GAUGE-COCYCLE, with r1–r3  
**Tower supplier:** GENTOW2 unconditionally at \(i=2\); for \(i\ge3\), the explicit cumulative hypothesis \(\mathcal W_{\le i}\), whose newest conjunct is `[GENTOW5-W(i)]`, read with GENTOW5 S12.1 and the dated \(\psi_j^{(\omega_{j-1})}\) corrigendum
```

## 2. Replace all of §2 beginning at `### LEMMA W-FRAME-LAW`

```markdown
### LEMMA W-FRAME-LAW

At the base rung \(i=2\), unconditionally,

\[
\boxed{
u_2(\beta_t)
=
\Theta_2(t)w_2^{f_3-t}
=
\vartheta_{2,f_3-t}^{-1}w_2^{f_3-t}
\qquad(t<f_3).
}
\tag{WF-law\(_2\)}
\]

For every permitted rung \(3\le i<r\), put

\[
\mathcal W_{\le i}
:=
\bigwedge_{3\le q\le i}
[\mathrm{GENTOW5-W}(q)].
\]

The higher-rung statement retains this explicit hypothesis:

\[
\boxed{
\mathcal W_{\le i}
\Longrightarrow
\left[
u_i(\beta_t)
=
\Theta_i(t)w_i^{s_t}
=
\vartheta_{i,s_t}^{-1}w_i^{s_t}
\qquad(t<f_{i+1})
\right].
}
\tag{WF-law\(_i\)}
\]

The suppliers are:

- \(i=2\): LEMMA GENTOW2-B\(^{\prime\prime}\), unconditionally;
- \(3\le i<r\): the final conjunct `[GENTOW5-W(i)]` of the cumulative hypothesis \(\mathcal W_{\le i}\).

At \(i\ge3\), the new rung hypothesis is `[GENTOW5-W(i)]`; the earlier conjuncts remain the ambient induction history. The existence or certification of the companion note does not remove these hypotheses from the statement.

Per-grade fixedness alone does not prove (WF-law). In particular, this note does not revive S11.2’s withdrawn “\(w\)-blind” argument.

No \(i=1\) version is asserted. S11.3 supplies a fixed letter-power unit there, but its identification with the displayed \(w_1\) remains open.

### Realized-residual corollary

Whenever the relevant (WF-law) equality is available, the coherent recipe coefficient is

\[
\Gamma_t=c_t\vartheta_{i,s_t},
\]

and therefore

\[
\Gamma_tu_i(\beta_t)
=
c_t\vartheta_{i,s_t}
\vartheta_{i,s_t}^{-1}w_i^{s_t}
=
c_tw_i^{s_t}.
\]

Thus the base rung is unconditional:

\[
\boxed{
R_{\nu_2}(\Phi_3)
=
\psi_3^{(w_2)}.
}
\tag{WF-realized\(_2\)}
\]

For every permitted \(i\ge3\), the realized residual retains the cumulative scope

\[
\boxed{
\mathcal W_{\le i}
\Longrightarrow
\text{\rm(WF-law)}_i
\Longrightarrow
R_{\nu_i}(\Phi_{i+1})
=
\psi_{i+1}^{(w_i)}.
}
\tag{WF-realized\(_i\)}
\]

T1 supplies the dictionary and the final cancellation. GENTOW2-B\(^{\prime\prime}\) supplies the unconditional \(i=2\) B-law. At \(i\ge3\), `[GENTOW5-W(i)]` supplies the sitewise B-law only within the displayed cumulative hypothesis.
```

## 3. Replace the final sentence of I1

```markdown
Its supplier fence leaves the unconditional base law to GENTOW2 and every higher-rung law to the explicit cumulative hypothesis \(\mathcal W_{\le i}\).
```

## 4. Replace I5 through the paragraph immediately before its LW3 record

```markdown
### I5 — conditional `[GENTOW5-W(i)]` supplier

**Statement pin:** companion note §S1, matching GENTOW5_PROOF S11.2 at `b0e5c648`, lines 1912–1913.

For every permitted \(i\ge3\), the pinned equality is consumed here only with its cumulative hypothesis:

\[
\boxed{
\mathcal W_{\le i}
\Longrightarrow
\left[
u_i(\beta_t)
=
\theta_i(t)w_i^{f_{i+1}-t}
\right],
}
\]

where

\[
w_i
=
R_{i+1,\bar k_i}
\bigl(\widehat n_i(u_{i+1})\bigr)
\]

and

\[
\theta_i(t)
=
\Theta_i(t)
=
\vartheta_{i,f_{i+1}-t}^{-1}.
\]

The companion records the required sitewise conjunct for each permitted \(i\ge3\); it does not promote the displayed implication to a hypothesis-free law.
```

Retain the existing LW3 paragraph and the remainder of I5 unchanged.

## 5. Replace the opening of §4 through the sentence before `(WF-chain)`

```markdown
For \(n\ge3\), retain S12.1’s cumulative hypothesis

\[
\mathcal W_{\le n}
:=
\bigwedge_{3\le q\le n}
[\mathrm{GENTOW5-W}(q)].
\]

Certification of the WI companion does not discharge these conjuncts from the frozen GENTOW5 statements. Both the higher-rung supplier law and every downstream conclusion retain their explicit cumulative hypothesis. The proof dependency in frozen GENTOW5 remains

\[
\boxed{
\mathcal W_{\le n}
\Longrightarrow (a)@n
\Longrightarrow \mathrm{Corollary\ 6.4}
\Longrightarrow (b)@n
\Longrightarrow \mathrm{S11.1.1/S11.1.3}
\Longrightarrow (c)@n
\Longrightarrow (e)@n
\Longrightarrow\text{the next automatic floor}.
}
\tag{WF-chain}
\]
```

## 6. Replace honesty-ledger items 2 and 3

```markdown
2. (WF-law\(_2\)) and (WF-realized\(_2\)) are unconditional. For every permitted \(i\ge3\), the asserted scope is

   \[
   \mathcal W_{\le i}
   \Longrightarrow
   \text{\rm(WF-law)}_i
   \Longrightarrow
   \text{\rm(WF-realized)}_i.
   \]

   No \(i=1\) version is asserted.

3. Downstream GENTOW5 clauses at \(n\ge3\) retain the dependency \(\mathcal W_{\le n}\). Certification of a companion does not discharge or erase that hypothesis or any dependency arrow.
```

## 7. Replace the affected hostile-pass checklist items

Pass 1, item 2:

```markdown
2. Check the unconditional \(i=2\) law against GENTOW2-B\(^{\prime\prime}\); check that every permitted \(i\ge3\) occurrence retains \(\mathcal W_{\le i}\) and uses `[GENTOW5-W(i)]` only as its newest conjunct; reject any \(i=1\) promotion.
```

Pass 2, item 3:

```markdown
3. Check the three boundary regimes: \(i=1\) open tie, \(i=2\) unconditional, and \(i\ge3\) conditional under the cumulative history \(\mathcal W_{\le i}\).
```

Pass 2, item 5:

```markdown
5. Ensure that neither (WF-law), (WF-realized), nor any conclusion behind S12.1’s chain is labeled unconditional merely because a companion note reports successful verification of the required conjuncts.
```

This repair leaves (WF-index), including the top twist \(w_n\), unchanged. It also leaves the \(i=1\) fence, theta factor, non-universal \(w\), and avatar separation unchanged.

SUMMARY: 1 REAL (repairs delivered)
