# T5 r3 — Verification-state repair

Apply after r2. All unlisted text remains unchanged. This repair records the unresolved evidence state; it does not claim repository verification or acceptance.

## 1. Replace the composition-pass and status lines

```markdown
**Composition pass:** r3, attempt 0/2, 2026-08-12  
**Status:** verification-blocked repaired candidate; zero clean hostile passes credited; all repository span pins remain to be independently verified
```

## 2. Replace the opening paragraph of §3

```markdown
## 3. Instance records and span pins

An instance imports only its pinned display. It does not enlarge the
containing theorem or turn a measurement into a symbolic formula.

The locators below are claimed span pins, not completed verification
records. A locator becomes verified only when a hostile pass checks it
against the repository object at an exact commit hash or immutable
ledger identifier and records the result in the verification ledger of
§7. Failure of the workspace launcher does not count as verification,
and agreement among the supplied excerpts does not substitute for an
independent repository check.
```

## 3. In §7, replace Pass 2, item 1

```markdown
1. Recheck every claimed span pin against the repository object and
   record, for each pin, the exact commit hash or immutable ledger
   identifier, the file or ledger entry, the checked span, and a
   pass/fail result. A hash or locator merely copied from this note is
   not an independent verification.
```

## 4. In §7, replace Pass 2, item 4

```markdown
4. Reproduce and record the measurement census from its repository
   artifacts: the six PE6 primes/four frames, the PE3 seventh-prime
   check, WI run 2's 60/60 result, and the retained run 1 record. Record
   the exact hash or immutable ledger identifier for every artifact
   consumed; do not infer the census from this note's summary.
```

## 5. Replace the acceptance-gate paragraph and the final paragraph of §7

```markdown
The acceptance gate is

\[
\boxed{
\text{two consecutive clean hostile passes}
+
\text{a complete independently verified span-pin ledger}.
}
\]

A complete ledger must contain successful repository checks for:

1. T1 C3, including (C3-B-law), (C3-canonical-read), and
   (C3-three-reads), with T1 r2's A7 re-scope;
2. LEMMA GENTOW2-B\(^{\prime\prime}\);
3. GENTOW2-PE6;
4. GENTOW5-PE3;
5. GENTOW5 S12.1;
6. the dated \(\psi_j^{(\omega_{j-1})}\) corrigendum;
7. companion note §S1 and GENTOW5_PROOF S11.2, whose claimed locator is
   commit `b0e5c648`, lines 1912–1913;
8. WI run 1 and WI run 2, including an independently reproduced 60/60
   census.

For each entry the ledger must record the exact commit hash or immutable
ledger identifier, the repository path or ledger entry, the checked
span, and the result. An unverified, missing, or inaccessible entry
leaves the gate unmet.

### Current verification disposition

In the r3 repair pass the workspace executor again failed before any
repository command could run because no `bwrap` launcher was available.
Accordingly:

- no repository span pin was independently checked;
- the claimed `b0e5c648`, lines 1912–1913 locator was not independently
  confirmed;
- the PE6, PE3, and WI measurement records were not independently
  reproduced;
- the WI 60/60 census was not independently confirmed;
- no hostile-pass credit is awarded.

The supplied r2-effective text passes the available internal
statement, scope, notation, index, and forbidden-form checks, but those
checks do not satisfy the repository-evidence requirement. The
acceptance gate therefore remains unmet. This is an evidence gap, not a
demonstrated mathematical error.

No new arithmetic theorem is required. The remaining work is an
independent repository verification of the definition, supplier range,
cumulative dependency chain, corrected twist index, and instance
records, followed by two consecutive clean hostile passes.
```

This repair preserves every r1 scope restriction and every r2 notation bridge. It makes no unsupported hash, census, or acceptance claim.

SUMMARY: 1 REAL (repairs delivered)
