The three new spans are byte-valid, ordered, and mathematically sufficient except for one pin leak.

- `HE6-TEST-PACKAGE`: HE6:244–287, delimiters each occur once.
- `HE6-ROOT-LABEL`: HE6:517–521, delimiters each occur once.
- `HE6-ACCOUNT`: HE6:525–604, delimiters each occur once.
- `(ACCOUNT)` matches HE6’s \((\dagger)\) after the root-slope regrouping at 545–547. HE6 proves it for every rational \(\kappa>D'h\), wider than the master’s range.
- The HE6:1115 correction affects only HE6-3(a), which the master rederives; it does not affect consumed material.
- Inventory arithmetic is correct: \(18+4+13=35\). All 18 delimiter pairs and four first-only delimiters are unique; all 13 description-only units resolve uniquely. No source contains `T2V2PIN`, and the source worktree is clean.
- The “Four → Eight” census agrees with the effective lists.
- My independent theorem/rank/fence audit found no additional defect.

### G-1 — GAP: the β-definedness correction is a load-bearing unpinned consumption

The r10 directive says:

> “The 2026-08-09 post-PE4 correction governs.”

That correction is HE6:1036–1047, outside every one of the 35 spans. It changes the guard from

> “when \(\delta\) has denominator dividing \(\ell\)”

to

> “when \(\delta=\kappa\)”.

This does touch the consumed S1.7 clause-2 assertion. “Generic away from the label class” includes \(\delta\ne\kappa\); without the corrected guarded reading, the displayed predicate still contains \(\iota_\xi(r)(\beta)\) where \(\beta\) may be undefined. Calling the conclusion byte-unchanged does not make the correction nonconsumed: the correction is what makes that conclusion well-defined on the advertised domain.

Accordingly it violates the effective pin law:

> “A consumption outside every span fails the gate.”

The mechanical sweep confirms the correction’s opening line at HE6:1036 is the sole load-bearing exact source quotation outside all spans. HE6:1115 and the two GENTOW4 annex headings outside spans are genuine declinations or supersession notices.

VERDICT: NOT CLEAN | FINDINGS: 0C + 1G + 0m
